* using log directory '/Users/peterhalpin/git/robustDIF/robustDIF.Rcheck'
* using R version 4.5.2 (2025-10-31)
* using platform: aarch64-apple-darwin20
* R was compiled by
    Apple clang version 16.0.0 (clang-1600.0.26.6)
    GNU Fortran (GCC) 14.2.0
* running under: macOS Sonoma 14.2.1
* using session charset: ASCII
* using option '--as-cran'
* checking for file 'robustDIF/DESCRIPTION' ... OK
* checking extension type ... Package
* this is package 'robustDIF' version '0.2.0'
* package encoding: UTF-8
* checking CRAN incoming feasibility ... NOTE
Maintainer: 'Peter Halpin <peter.halpin@unc.edu>'

Found the following (possibly) invalid URLs:
  URL: https://arxiv.org/abs/2207.04598
    From: DESCRIPTION
    Status: Error
    Message: libcurl error code 6:
      	Could not resolve host: arxiv.org

The Description field contains
  <https://arxiv.org/abs/2207.04598>.
Please refer to arXiv e-prints via their arXiv DOI <doi:10.48550/arXiv.YYMM.NNNNN>.
* checking package namespace information ... OK
* checking package dependencies ... OK
* checking if this is a source package ... OK
* checking if there is a namespace ... OK
* checking for executable files ... OK
* checking for hidden files and directories ... OK
* checking for portable file names ... OK
* checking for sufficient/correct file permissions ... OK
* checking whether package 'robustDIF' can be installed ... OK
* checking installed package size ... OK
* checking package directory ... OK
* checking for future file timestamps ... NOTE
unable to verify current time
* checking DESCRIPTION meta-information ... WARNING
During startup - Warning messages:
1: Setting LC_CTYPE failed, using "C" 
2: Setting LC_COLLATE failed, using "C" 
3: Setting LC_TIME failed, using "C" 
4: Setting LC_MESSAGES failed, using "C" 
5: Setting LC_MONETARY failed, using "C" 
 ERROR
During startup - Warning messages:
1: Setting LC_CTYPE failed, using "C" 
2: Setting LC_COLLATE failed, using "C" 
3: Setting LC_TIME failed, using "C" 
4: Setting LC_MESSAGES failed, using "C" 
5: Setting LC_MONETARY failed, using "C" 
* DONE
Status: 1 ERROR, 1 WARNING, 2 NOTEs
